// Vitest Snapshot v1, https://vitest.dev/guide/snapshot.html

exports[`HomePage component > Render HomePage component to match snapshot 1`] = `
<div>
  <main
    class="home-page"
  >
    <div
      class="img-hero-container"
    >
      <img
        alt="Hero image of a girl with a long sleeve shirt"
        src="../../assets/background.jpg"
      />
    </div>
    <div
      class="desc-text"
    >
      <h1>
        Shop the Best
      </h1>
      <p>
        Find what you love. Great prices, reliable delivery, and a seamless shopping experience.
      </p>
    </div>
    <div
      class="link-container"
    >
      <a
        class="shop-now-link"
        data-discover="true"
        href="/shop-page"
      >
        Shop now
      </a>
    </div>
  </main>
</div>
`;
