// Vitest Snapshot v1, https://vitest.dev/guide/snapshot.html

exports[`HomePage component > Render HomePage component to match snapshot 1`] = `
<div>
  <main
    class="_main_1d65cc"
  >
    <div
      class="_desc_1d65cc"
    >
      <h1>
        Shop the Best
      </h1>
      <p>
        Find what you love. 
        <br />
        Great prices, reliable delivery, and a seamless shopping experience.
      </p>
    </div>
    <div
      class="_link_1d65cc"
    >
      <a
        class="shop-now-link"
        data-discover="true"
        href="/shop-page"
      >
        ➔ Shop now
      </a>
    </div>
  </main>
</div>
`;
